https://www.prefeitura.sp.gov.br/cidade/secretarias/upload/01012019.xls
https://www.prefeitura.sp.gov.br/cidade/secretarias/upload/02012019.xls
https://www.prefeitura.sp.gov.br/cidade/secretarias/upload/03012019.xls
https://www.prefeitura.sp.gov.br/cidade/secretarias/upload/04012019.xls
https://www.prefeitura.sp.gov.br/cidade/secretarias/upload/05012019.xls
https://www.prefeitura.sp.gov.br/cidade/secretarias/upload/06012019.xls
https://www.prefeitura.sp.gov.br/cidade/secretarias/upload/07012019.xls
https://www.prefeitura.sp.gov.br/cidade/secretarias/upload/08012019.xls
https://www.prefeitura.sp.gov.br/cidade/secretarias/upload/09012019_Dados%20para%20Transpar%C3%AAncia.xls
https://www.prefeitura.sp.gov.br/cidade/secretarias/upload/10012019_Dados%20para%20Transpar%C3%AAncia.xls
https://www.prefeitura.sp.gov.br/cidade/secretarias/upload/11012019_Dados%20para%20Transpar%C3%AAncia.xls
https://www.prefeitura.sp.gov.br/cidade/secretarias/upload/12012019_Dados%20para%20Transpar%C3%AAncia.xls
https://www.prefeitura.sp.gov.br/cidade/secretarias/upload/13012019_Dados%20para%20Transpar%C3%AAncia.xls
https://www.prefeitura.sp.gov.br/cidade/secretarias/upload/14012019_Dados%20para%20Transpar%C3%AAncia.xls
https://www.prefeitura.sp.gov.br/cidade/secretarias/upload/15012019_Dados%20para%20Transpar%C3%AAncia.xls
https://www.prefeitura.sp.gov.br/cidade/secretarias/upload/16012019_Dados%20para%20Transpar%C3%AAncia.xls
https://www.prefeitura.sp.gov.br/cidade/secretarias/upload/17012019_Dados%20para%20Transpar%C3%AAncia.xls
https://www.prefeitura.sp.gov.br/cidade/secretarias/upload/18012019_Dados%20para%20Transpar%C3%AAncia.xls
https://www.prefeitura.sp.gov.br/cidade/secretarias/upload/19012019_Dados%20para%20Transpar%C3%AAncia.xls
https://www.prefeitura.sp.gov.br/cidade/secretarias/upload/20012019_Dados%20para%20Transpar%C3%AAncia.xls
https://www.prefeitura.sp.gov.br/cidade/secretarias/upload/21012019_Dados%20para%20Transpar%C3%AAncia.xls
https://www.prefeitura.sp.gov.br/cidade/secretarias/upload/22012019_Dados%20para%20Transpar%C3%AAncia.xls
https://www.prefeitura.sp.gov.br/cidade/secretarias/upload/23012019_Dados%20para%20Transpar%C3%AAncia.xls
https://www.prefeitura.sp.gov.br/cidade/secretarias/upload/24012019_Dados%20para%20Transpar%C3%AAncia.xls
https://www.prefeitura.sp.gov.br/cidade/secretarias/upload/25012019_Dados%20para%20Transpar%C3%AAncia.xls
https://www.prefeitura.sp.gov.br/cidade/secretarias/upload/26012019_Dados%20para%20Transpar%C3%AAncia.xls
https://www.prefeitura.sp.gov.br/cidade/secretarias/upload/27-JAN.xls
https://www.prefeitura.sp.gov.br/cidade/secretarias/upload/28-JAN.xls
https://www.prefeitura.sp.gov.br/cidade/secretarias/upload/29-JAN.xls
https://www.prefeitura.sp.gov.br/cidade/secretarias/upload/30-JAN.xls
https://www.prefeitura.sp.gov.br/cidade/secretarias/upload/31-JAN.xls
https://www.prefeitura.sp.gov.br/cidade/secretarias/upload/01-FEV.xls
https://www.prefeitura.sp.gov.br/cidade/secretarias/upload/02-FEV.xls
https://www.prefeitura.sp.gov.br/cidade/secretarias/upload/03-FEV.xls
https://www.prefeitura.sp.gov.br/cidade/secretarias/upload/04-FEV.xls
https://www.prefeitura.sp.gov.br/cidade/secretarias/upload/05-FEV.xls
https://www.prefeitura.sp.gov.br/cidade/secretarias/upload/06-FEV.xls
https://www.prefeitura.sp.gov.br/cidade/secretarias/upload/07-FEV.xls
https://www.prefeitura.sp.gov.br/cidade/secretarias/upload/08-FEV.xls
https://www.prefeitura.sp.gov.br/cidade/secretarias/upload/09-FEV.xls
https://www.prefeitura.sp.gov.br/cidade/secretarias/upload/10-FEV.xls
https://www.prefeitura.sp.gov.br/cidade/secretarias/upload/11-FEV.xls
https://www.prefeitura.sp.gov.br/cidade/secretarias/upload/12-FEV.xls
https://www.prefeitura.sp.gov.br/cidade/secretarias/upload/13-FEV.xls
https://www.prefeitura.sp.gov.br/cidade/secretarias/upload/14-FEV.xls
https://www.prefeitura.sp.gov.br/cidade/secretarias/upload/15-FEV.xls
https://www.prefeitura.sp.gov.br/cidade/secretarias/upload/16-FEV.xls
https://www.prefeitura.sp.gov.br/cidade/secretarias/upload/17-FEV.xls
https://www.prefeitura.sp.gov.br/cidade/secretarias/upload/18-FEV.xls
https://www.prefeitura.sp.gov.br/cidade/secretarias/upload/19-FEV.xls
https://www.prefeitura.sp.gov.br/cidade/secretarias/upload/20-FEV.xls
https://www.prefeitura.sp.gov.br/cidade/secretarias/upload/21-FEV.xls
https://www.prefeitura.sp.gov.br/cidade/secretarias/upload/22-FEV.xls
https://www.prefeitura.sp.gov.br/cidade/secretarias/upload/23-FEV.xls
https://www.prefeitura.sp.gov.br/cidade/secretarias/upload/24-FEV.xls
https://www.prefeitura.sp.gov.br/cidade/secretarias/upload/25-FEV.xls
https://www.prefeitura.sp.gov.br/cidade/secretarias/upload/26-FEV.xls
https://www.prefeitura.sp.gov.br/cidade/secretarias/upload/27-FEV.xls
https://www.prefeitura.sp.gov.br/cidade/secretarias/upload/28-FEV.xls
https://www.prefeitura.sp.gov.br/cidade/secretarias/upload/01MAR2019.xls
https://www.prefeitura.sp.gov.br/cidade/secretarias/upload/02MAR2019.xls
https://www.prefeitura.sp.gov.br/cidade/secretarias/upload/03MAR2019.xls
https://www.prefeitura.sp.gov.br/cidade/secretarias/upload/04MAR2019.xls
https://www.prefeitura.sp.gov.br/cidade/secretarias/upload/05MAR2019.xls
https://www.prefeitura.sp.gov.br/cidade/secretarias/upload/06MAR2019.xls
https://www.prefeitura.sp.gov.br/cidade/secretarias/upload/07MAR2019.xls
https://www.prefeitura.sp.gov.br/cidade/secretarias/upload/08MAR2019.xls
https://www.prefeitura.sp.gov.br/cidade/secretarias/upload/09MAR2019.xls
https://www.prefeitura.sp.gov.br/cidade/secretarias/upload/10MAR2019.xls
https://www.prefeitura.sp.gov.br/cidade/secretarias/upload/11MAR2019.xls
https://www.prefeitura.sp.gov.br/cidade/secretarias/upload/12MAR2019.xls
https://www.prefeitura.sp.gov.br/cidade/secretarias/upload/13MAR2019.xls
https://www.prefeitura.sp.gov.br/cidade/secretarias/upload/14MAR2019.xls
https://www.prefeitura.sp.gov.br/cidade/secretarias/upload/15MAR2019.xls
https://www.prefeitura.sp.gov.br/cidade/secretarias/upload/16MAR2019.xls
https://www.prefeitura.sp.gov.br/cidade/secretarias/upload/17MAR2019.xls
https://www.prefeitura.sp.gov.br/cidade/secretarias/upload/18MAR2019.xls
https://www.prefeitura.sp.gov.br/cidade/secretarias/upload/19MAR2019.xls
https://www.prefeitura.sp.gov.br/cidade/secretarias/upload/20MAR2019.xls
https://www.prefeitura.sp.gov.br/cidade/secretarias/upload/21MAR2019.xls
https://www.prefeitura.sp.gov.br/cidade/secretarias/upload/22MAR2019.xls
https://www.prefeitura.sp.gov.br/cidade/secretarias/upload/23MAR2019.xls
https://www.prefeitura.sp.gov.br/cidade/secretarias/upload/24MAR2019.xls
https://www.prefeitura.sp.gov.br/cidade/secretarias/upload/25MAR2019.xls
https://www.prefeitura.sp.gov.br/cidade/secretarias/upload/26MAR2019.xls
https://www.prefeitura.sp.gov.br/cidade/secretarias/upload/27MAR2019.xls
https://www.prefeitura.sp.gov.br/cidade/secretarias/upload/28MAR2019.xls
https://www.prefeitura.sp.gov.br/cidade/secretarias/upload/29MAR2019.xls
https://www.prefeitura.sp.gov.br/cidade/secretarias/upload/30MAR2019.xls
https://www.prefeitura.sp.gov.br/cidade/secretarias/upload/31MAR2019.xls
https://www.prefeitura.sp.gov.br/cidade/secretarias/upload/01ABR2019.xls
https://www.prefeitura.sp.gov.br/cidade/secretarias/upload/02ABR2019.xls
https://www.prefeitura.sp.gov.br/cidade/secretarias/upload/03ABR2019.xls
https://www.prefeitura.sp.gov.br/cidade/secretarias/upload/04ABR2019.xls
https://www.prefeitura.sp.gov.br/cidade/secretarias/upload/05ABR2019.xls
https://www.prefeitura.sp.gov.br/cidade/secretarias/upload/06ABR2019.xls
https://www.prefeitura.sp.gov.br/cidade/secretarias/upload/07ABR2019.xls
https://www.prefeitura.sp.gov.br/cidade/secretarias/upload/08ABR2019.xls
https://www.prefeitura.sp.gov.br/cidade/secretarias/upload/09ABR2019.xls
https://www.prefeitura.sp.gov.br/cidade/secretarias/upload/10ABR2019.xls
https://www.prefeitura.sp.gov.br/cidade/secretarias/upload/11ABR2019.xls
https://www.prefeitura.sp.gov.br/cidade/secretarias/upload/12ABR2019.xls
https://www.prefeitura.sp.gov.br/cidade/secretarias/upload/13ABR2019.xls
https://www.prefeitura.sp.gov.br/cidade/secretarias/upload/14ABR2019.xls
https://www.prefeitura.sp.gov.br/cidade/secretarias/upload/15ABR2019.xls
https://www.prefeitura.sp.gov.br/cidade/secretarias/upload/16ABR2019.xls
https://www.prefeitura.sp.gov.br/cidade/secretarias/upload/17ABR2019.xls
https://www.prefeitura.sp.gov.br/cidade/secretarias/upload/18ABR2019.xls
https://www.prefeitura.sp.gov.br/cidade/secretarias/upload/19ABR2019.xls
https://www.prefeitura.sp.gov.br/cidade/secretarias/upload/20ABR2019.xls
https://www.prefeitura.sp.gov.br/cidade/secretarias/upload/21ABR2019.xls
https://www.prefeitura.sp.gov.br/cidade/secretarias/upload/22ABR2019.xls
https://www.prefeitura.sp.gov.br/cidade/secretarias/upload/23ABR2019.xls
https://www.prefeitura.sp.gov.br/cidade/secretarias/upload/24ABR2019.xls
https://www.prefeitura.sp.gov.br/cidade/secretarias/upload/25ABR2019.xls
https://www.prefeitura.sp.gov.br/cidade/secretarias/upload/26ABR2019(1).xls
https://www.prefeitura.sp.gov.br/cidade/secretarias/upload/27ABR2019(1).xls
https://www.prefeitura.sp.gov.br/cidade/secretarias/upload/28ABR2019.xls
https://www.prefeitura.sp.gov.br/cidade/secretarias/upload/29ABR2019.xls
https://www.prefeitura.sp.gov.br/cidade/secretarias/upload/30ABR2019.xls
https://www.prefeitura.sp.gov.br/cidade/secretarias/upload/01MAI2019.xls
https://www.prefeitura.sp.gov.br/cidade/secretarias/upload/02MAI2019.xls
https://www.prefeitura.sp.gov.br/cidade/secretarias/upload/03MAI2019.xls
https://www.prefeitura.sp.gov.br/cidade/secretarias/upload/04MAI2019.xls
https://www.prefeitura.sp.gov.br/cidade/secretarias/upload/05MAI2019.xls
https://www.prefeitura.sp.gov.br/cidade/secretarias/upload/06MAI2019.xls
https://www.prefeitura.sp.gov.br/cidade/secretarias/upload/07MAI2019.xls
https://www.prefeitura.sp.gov.br/cidade/secretarias/upload/08MAI2019.xls
https://www.prefeitura.sp.gov.br/cidade/secretarias/upload/09MAI2019.xls
https://www.prefeitura.sp.gov.br/cidade/secretarias/upload/10MAI2019.xls
https://www.prefeitura.sp.gov.br/cidade/secretarias/upload/11MAI2019.xls
https://www.prefeitura.sp.gov.br/cidade/secretarias/upload/12MAI2019.xls
https://www.prefeitura.sp.gov.br/cidade/secretarias/upload/13MAI2019.xls
https://www.prefeitura.sp.gov.br/cidade/secretarias/upload/14MAI2019.xls
https://www.prefeitura.sp.gov.br/cidade/secretarias/upload/15MAI2019.xls
https://www.prefeitura.sp.gov.br/cidade/secretarias/upload/16MAI2019.xls
https://www.prefeitura.sp.gov.br/cidade/secretarias/upload/17MAI2019.xls
https://www.prefeitura.sp.gov.br/cidade/secretarias/upload/18MAI2019.xls
https://www.prefeitura.sp.gov.br/cidade/secretarias/upload/19MAI2019.xls
https://www.prefeitura.sp.gov.br/cidade/secretarias/upload/20MAI2019.xls
https://www.prefeitura.sp.gov.br/cidade/secretarias/upload/21MAI2019.xls
https://www.prefeitura.sp.gov.br/cidade/secretarias/upload/22MAI2019.xls
https://www.prefeitura.sp.gov.br/cidade/secretarias/upload/23MAI2019.xls
https://www.prefeitura.sp.gov.br/cidade/secretarias/upload/24MAI2019.xls
https://www.prefeitura.sp.gov.br/cidade/secretarias/upload/25MAI2019.xls
https://www.prefeitura.sp.gov.br/cidade/secretarias/upload/26MAI2019.xls
https://www.prefeitura.sp.gov.br/cidade/secretarias/upload/27MAI2019.xls
https://www.prefeitura.sp.gov.br/cidade/secretarias/upload/28MAI2019.xls
https://www.prefeitura.sp.gov.br/cidade/secretarias/upload/29MAI2019.xls
https://www.prefeitura.sp.gov.br/cidade/secretarias/upload/30MAI2019.xls
https://www.prefeitura.sp.gov.br/cidade/secretarias/upload/31MAI2019.xls
